---
source: crates/sui-swarm-config/tests/snapshot_tests.rs
expression: genesis.clock()
---
id:
  id: BFC00000000000000000000000000000000000000000000000000000000000000067908
timestamp_ms: 10

