---
source: crates/sui-swarm-config/tests/snapshot_tests.rs
expression: genesis.sui_system_object().into_genesis_version_for_tooling()
---
epoch: 0
protocol_version: 23
system_state_version: 1
validators:
  total_stake: 2000000000000000
  active_validators:
    - metadata:
        sui_address: BFC60307f36c284875bf298d4d85a673046648b1ac4b47e712e42ab10d57dd77a26b9ae
        protocol_pubkey_bytes:
          - 153
          - 242
          - 94
          - 246
          - 31
          - 128
          - 50
          - 185
          - 20
          - 99
          - 100
          - 96
          - 152
          - 44
          - 92
          - 198
          - 241
          - 52
          - 239
          - 29
          - 218
          - 231
          - 102
          - 87
          - 242
          - 203
          - 254
          - 193
          - 235
          - 252
          - 141
          - 9
          - 115
          - 116
          - 8
          - 13
          - 246
          - 252
          - 240
          - 220
          - 184
          - 188
          - 75
          - 13
          - 142
          - 10
          - 245
          - 216
          - 14
          - 187
          - 255
          - 43
          - 76
          - 89
          - 159
          - 84
          - 244
          - 45
          - 99
          - 18
          - 223
          - 195
          - 20
          - 39
          - 96
          - 120
          - 193
          - 204
          - 52
          - 126
          - 187
          - 190
          - 197
          - 25
          - 139
          - 226
          - 88
          - 81
          - 63
          - 56
          - 107
          - 147
          - 13
          - 2
          - 194
          - 116
          - 154
          - 128
          - 62
          - 35
          - 48
          - 149
          - 94
          - 189
          - 26
          - 16
        network_pubkey_bytes:
          - 148
          - 228
          - 168
          - 73
          - 49
          - 68
          - 233
          - 230
          - 150
          - 32
          - 140
          - 190
          - 208
          - 2
          - 89
          - 230
          - 221
          - 181
          - 111
          - 151
          - 155
          - 145
          - 195
          - 41
          - 103
          - 86
          - 9
          - 133
          - 190
          - 97
          - 144
          - 155
        worker_pubkey_bytes:
          - 31
          - 42
          - 121
          - 1
          - 168
          - 66
          - 228
          - 211
          - 98
          - 59
          - 198
          - 28
          - 225
          - 193
          - 113
          - 125
          - 46
          - 118
          - 142
          - 15
          - 215
          - 45
          - 248
          - 52
          - 26
          - 245
          - 102
          - 21
          - 185
          - 22
          - 240
          - 56
        proof_of_possession_bytes:
          - 151
          - 191
          - 31
          - 245
          - 62
          - 131
          - 184
          - 23
          - 162
          - 33
          - 124
          - 71
          - 229
          - 10
          - 56
          - 179
          - 47
          - 67
          - 223
          - 65
          - 196
          - 125
          - 67
          - 111
          - 55
          - 104
          - 114
          - 157
          - 166
          - 146
          - 6
          - 104
          - 90
          - 214
          - 33
          - 36
          - 63
          - 93
          - 228
          - 221
          - 166
          - 7
          - 164
          - 61
          - 169
          - 219
          - 78
          - 19
        name: "0"
        description: ""
        image_url: ""
        project_url: ""
        net_address: /ip4/127.0.0.1/tcp/80
        p2p_address: /ip4/127.0.0.1/udp/80
        primary_address: /ip4/127.0.0.1/udp/80
        worker_address: /ip4/127.0.0.1/udp/80
        next_epoch_protocol_pubkey_bytes: ~
        next_epoch_proof_of_possession: ~
        next_epoch_network_pubkey_bytes: ~
        next_epoch_worker_pubkey_bytes: ~
        next_epoch_net_address: ~
        next_epoch_p2p_address: ~
        next_epoch_primary_address: ~
        next_epoch_worker_address: ~
        extra_fields:
          id:
            id: BFC69f56246e079f3ade2b53bb343ba478a5e5dfc0225456e1d846c59dbc1585bd21c0e
          size: 0
      voting_power: 10000
      operation_cap_id: BFC81e7d978114b159b53dbb9afa5f3bb4e545979fed3701f68858a71db146d6981ea04
      gas_price: 100
      staking_pool:
        id: BFC518d619cecab23d68093f1f4a5e8034142aa0aef8db33f0bfc01d6857c256bc12693
        activation_epoch: 0
        deactivation_epoch: ~
        sui_balance: 2000000000000000
        rewards_pool:
          value: 0
        pool_token_balance: 2000000000000000
        exchange_rates:
          id: BFCf383d50f02b6b44df43c0486a663b2c12995b6ce4ee145410a677451b6d53f062dd2
          size: 1
        pending_stake: 0
        pending_total_sui_withdraw: 0
        pending_pool_token_withdraw: 0
        extra_fields:
          id:
            id: BFCe208c7275929ca1842d22035e26774524c225c4908574b78e19c6c9cda904a943b99
          size: 0
      commission_rate: 200
      next_epoch_stake: 2000000000000000
      next_epoch_gas_price: 100
      next_epoch_commission_rate: 200
      extra_fields:
        id:
          id: BFCda9dc947488c7a5809d039d8f9ce3ff54755de86ac4238d688624148644719897063
        size: 0
  pending_active_validators:
    contents:
      id: BFC44aa2de87ebf24d9e498bda68fe49209dcc7fc1e627991d1dbaf33bc663b8243bcce
      size: 0
  pending_removals: []
  staking_pool_mappings:
    id: BFCaf18b2352504a9110fabe97332a7c550d155527c06fc7c970ad53df2c59ac92e540b
    size: 1
  inactive_validators:
    id: BFC2e922dc17ba07bac1723684a3b06705a8ff22b4454afde0bf9d53a7ae56630c1b378
    size: 0
  validator_candidates:
    id: BFC0a76d36934847331e819c669de671f77572636c399462f29b5da9711de02f43e8d74
    size: 0
  at_risk_validators:
    contents: []
  extra_fields:
    id:
      id: BFC04c8f2bff2c504186680fc6e4aeac2cf45977d698d873c41b0518fd69af9d393a95f
    size: 0
storage_fund:
  total_object_storage_rebates:
    value: 0
  non_refundable_balance:
    value: 0
parameters:
  epoch_duration_ms: 86400000
  stake_subsidy_start_epoch: 0
  max_validator_count: 150
  min_validator_joining_stake: 3000000000000000
  validator_low_stake_threshold: 2000000000000000
  validator_very_low_stake_threshold: 1500000000000000
  validator_low_stake_grace_period: 7
  extra_fields:
    id:
      id: BFC1b7518696a4aa61af9b7384039df7e3293d9cdaaf346df7f28ac7195fb4c5ffec643
    size: 0
reference_gas_price: 100
validator_report_records:
  contents: []
stake_subsidy:
  balance:
    value: 4923000000000000000
  distribution_counter: 0
  current_distribution_amount: 1000000000000000
  stake_subsidy_period_length: 10
  stake_subsidy_decrease_rate: 1000
  extra_fields:
    id:
      id: BFCe16614559d6d18e0fa3c797565d76f32d9b613e17995918ff6f46dab3a70898a0f25
    size: 0
safe_mode: false
safe_mode_storage_rewards:
  value: 0
safe_mode_computation_rewards:
  value: 0
safe_mode_storage_rebates: 0
safe_mode_non_refundable_storage_fee: 0
epoch_start_timestamp_ms: 10
extra_fields:
  id:
    id: BFC904d1f5fb7fffe14d36426f88ecf4e427f023c0e532a9a2f70b5dff071d743775c7b
  size: 0

